// Jest Snapshot v1, https://goo.gl/fbAQLP

exports[`Components : Common: Swagger sandbox : Undefined window renders correctly 1`] = `
<div
  id="swaggerWrapper"
/>
`;

exports[`Components : Common: Swagger sandbox renders correctly 1`] = `
<div
  id="swaggerWrapper"
/>
`;
