// Jest Snapshot v1, https://goo.gl/fbAQLP

exports[`Components : Pages : Blog : Image Content Block renders correctly 1`] = `
<div>
  <img
    src="//images.ctfassets.net/anexampleimage"
  />
  <div
    className="credit"
  >
    This is an image caption
  </div>
</div>
`;
