// Jest Snapshot v1, https://goo.gl/fbAQLP

exports[`Components : Pages : Homepage : Large Project renders correctly 1`] = `
<div
  className="wrapper"
>
  <div
    className="container"
  >
    <a
      href="/race"
    >
      <div
        className=" gatsby-image-wrapper"
        style={
          Object {
            "overflow": "hidden",
            "position": "relative",
          }
        }
      >
        <div
          aria-hidden={true}
          style={
            Object {
              "paddingBottom": "76.92307692307692%",
              "width": "100%",
            }
          }
        />
        <img
          alt=""
          aria-hidden={true}
          src="[SVG]"
          style={
            Object {
              "height": "100%",
              "left": 0,
              "objectFit": "cover",
              "objectPosition": "center",
              "opacity": 1,
              "position": "absolute",
              "top": 0,
              "transitionDelay": "500ms",
              "width": "100%",
            }
          }
        />
        <picture>
          <source
            sizes="(max-width: 1200px) 100vw, 1200px"
            srcSet="/srcset"
          />
          <img
            alt="Illustration of a face split into strips of different colored skintones on a light purple background."
            loading="lazy"
            onLoad={[Function]}
            sizes="(max-width: 1200px) 100vw, 1200px"
            src="/static/d7b5369bedd2904efd15de13fa55daef/f3583/project-large.png"
            srcSet="/srcset"
            style={
              Object {
                "height": "100%",
                "left": 0,
                "objectFit": "cover",
                "objectPosition": "center",
                "opacity": 0,
                "position": "absolute",
                "top": 0,
                "transition": "opacity 500ms",
                "width": "100%",
              }
            }
          />
        </picture>
        <noscript
          dangerouslySetInnerHTML={
            Object {
              "__html": "<picture><source srcset=\\"/srcset\\" sizes=\\"(max-width: 1200px) 100vw, 1200px\\" /><img loading=\\"lazy\\" sizes=\\"(max-width: 1200px) 100vw, 1200px\\" srcset=\\"/srcset\\" src=\\"/static/d7b5369bedd2904efd15de13fa55daef/f3583/project-large.png\\" alt=\\"Illustration of a face split into strips of different colored skintones on a light purple background.\\" style=\\"position:absolute;top:0;left:0;opacity:1;width:100%;height:100%;object-fit:cover;object-position:center\\"/></picture>",
            }
          }
        />
      </div>
    </a>
    <div
      className="credit"
    >
      Mohini Dutta / COVID Tracking Project
    </div>
    <h3>
      <a
        href="/race"
      >
        COVID-19 isn't affecting all communities equally. We've partnered with the Antiracist Research & Policy Center to collect the most complete racial data anywhere in the COVID Racial Data Tracker.
      </a>
    </h3>
    <p>
      We're tracking racial and ethnic data from every state that reports it—and pushing those that don't to start. Together with the Antiracist Research & Policy Center, we're analyzing this data to uncover the true impact of the outbreak on vulnerable communities.
    </p>
    <a
      className="cta centered "
      href="/race"
    >
      See the racial data tracker
      <span
        aria-hidden={true}
        className="arrow"
      >
         
        →
      </span>
    </a>
  </div>
</div>
`;
